Warning: can't find entry for CDS NP_975011.1 in input/hs_chr22.part.q
