Warning: didn't find any of these qualifiers: /transcript_id=, /gene= in feature:      misc_RNA        1925600..1925682
                     /product="microRNA:hsa-mir-1238"
                     /note="Data source: miRBase"
                     /db_xref="miRBase:MI0006328"

