name	bedA	bedB	score
trans1	chr3:157995198-158134890	chr3:157995198-158134890	1.000000
trans2	chr2:157876517-158140362	chr2:157995198-158134890	0.339233
trans3	chr2:157995198-158134890	chr2:157995198-158134890	1.000000
