what	value
medianBestScore	1.000000
meanBestScore	0.779744
medianOverallScore	0.169617
meanOverallScore	0.424887
