what	map
srcTrans	20
numMapped	16
rateMapped	0.80
numMultiMapped	0
rateMultiMappedSrc	0.00
rateMultiMapped	0.00
meanNumMappingsSrc	0.80
medianNumMappingsAll	1.00
meanNumMappings	1.00
medianNumMappings	1.00
meanBaseMappingRate	0.61
medianBaseMappingRate	0.63
meanCdsBaseMappingRate	0.76
medianCdsBaseMappingRate	0.94
