what	value
srcTrans	29
srcMapped	17
srcMapRate	0.586207
meanNumMappingsAll	0.724138
medianNumMappingsAll	1.000000
meanNumMappingsSome	1.235294
medianNumMappingsSome	1.000000
