what	value
groupType	byName
bestScoresCnt	20
overallScoresCnt	20
meanBestScore	0.67
medianBestScore	0.79
meanOverallScore	0.67
medianOverallScore	0.79
