what	value
groupType	byOverlap
meanBestScore	0.956642
medianBestScore	1.000000
meanOverallScore	0.728460
medianOverallScore	0.884615
