what	value
groupType	byName
meanBestScore	0.7797
medianBestScore	1.0000
meanOverallScore	0.4249
medianOverallScore	0.1696
