what	value
groupType	byName
meanBestScore	0.842952
medianBestScore	0.845704
meanOverallScore	0.842952
medianOverallScore	0.845704
