what	value
groupType	byOverlap
bestScoresCnt	16
overallScoresCnt	16
meanBestScore	0.5080
medianBestScore	0.4926
meanOverallScore	0.5080
medianOverallScore	0.4926
