Warning name 000171F_1_5102983_quiver_pilon not found in component size map
Warning name NBAG03000714.1 not found in component local id map
