<!DOCTYPE html PUBLIC "-//W3C//DTD HTML 4.01 Transitional//EN">
<html><head>
<title>Flintstones hub</title>
</head>
<frameset rows=85%%,15%%>
<frame name="browser" src="https://genome.ucsc.edu/cgi-bin/hgTracks?db=hg38&genome=hg38&position=default&hubUrl=https%3A//primates.org/hub.txt&hubUrl=https%3A//quary.com/hub.txt">
<frame name="dir" src="dir1.html">
</frameset></html>
