five
four
one
six
three
two
two
three
six
one
four
five
