Warning: didn't find any of these qualifiers: transcript_id, gene in feature: type: misc_RNA
location: [1925599:1925682](+)
qualifiers:
    Key: db_xref, Value: ['miRBase:MI0006328']
    Key: note, Value: ['Data source: miRBase']
    Key: product, Value: ['microRNA:hsa-mir-1238']

