Warning: can't find entry for CDS NP_689797.1 in input/hs_ref_GRCh37_chrY_part.q
Warning: can't find entry for CDS NP_149099.2 in input/hs_ref_GRCh37_chrY_part.q
