<!DOCTYPE html PUBLIC "-//W3C//DTD HTML 4.01 Transitional//EN">
<html><head>
<title>page 1: Flintstones hub</title>
<style type="text/css">

TABLE, TR, TH, TD {
    white-space: nowrap;
    border: solid;
    border-width: 1px;
    border-collapse: collapse;
}
.tableFixHead {
    overflow-y: auto;
}
.tableFixHead THEAD TH {
    position: sticky;
    top: 0;
    z-index: 1;
}
TH {
    background: #eee;
}

.great {background-color: aquamarine;}

</style>
</head>
<body>
<h3>page 1: Flintstones hub</h3>
prev, <a href="dir2.html">next</a>
<table border class="tableFixHead">
<thead>
<tr><th>position<th>name<th>status</tr>
</thead>
<tbody>
<tr><td><a href="https://genome.ucsc.edu/cgi-bin/hgTracks?db=hg38&genome=hg38&position=chr22%3A1000-2000" target=browser>chr22:1000-2000</a><td>fred_0<td>sad</tr>

<tr><td><a href="https://genome.ucsc.edu/cgi-bin/hgTracks?db=hg38&genome=hg38&position=chr22%3A1500-2300" target=browser>chr22:1500-2300</a><td>barny_0<td>happy</tr>

<tr class="great"><td><a href="https://genome.ucsc.edu/cgi-bin/hgTracks?db=hg38&genome=hg38&position=chr22%3A3500-3700" target=browser>chr22:3500-3700</a><td>wilma_0<td>great</tr>

<tr><td><a href="https://genome.ucsc.edu/cgi-bin/hgTracks?db=hg38&genome=hg38&position=chr22%3A2000-4000" target=browser>chr22:2000-4000</a><td>fred_1<td>sad</tr>

</tbody>
</table>
prev, [1], <a href="dir2.html">2</a>, <a href="dir3.html">3</a>, <a href="dir2.html">next</a>
</body></html>
