<!DOCTYPE html PUBLIC "-//W3C//DTD HTML 4.01 Transitional//EN">
<html><head>
<title>page 2: Flintstones hub</title>
<style type="text/css">

TABLE, TR, TH, TD {
    white-space: nowrap;
    border: solid;
    border-width: 1px;
    border-collapse: collapse;
}
.tableFixHead {
    overflow-y: auto;
    height: 100px;
}
.tableFixHead THEAD TH {
    position: sticky;
    top: 0;
    z-index: 1;
}
TH {
    background: #eee;
}

.great {background-color: aquamarine;}

</style>
</head>
<body>
<h3>page 2: Flintstones hub</h3>
<a href="dir1.html">prev</a>, <a href="dir3.html">next</a>
<table border class="tableFixHead">
<thead>
<tr><th>position<th>name<th>status</tr>
</thead>
<tbody>
<tr class="great"><td><a href="https://genome.ucsc.edu/cgi-bin/hgTracks?db=hg38&genome=hg38&position=chr22%3A7000-7400" target=browser>chr22:7000-7400</a><td>wilma_1<td>great</tr>

<tr><td><a href="https://genome.ucsc.edu/cgi-bin/hgTracks?db=hg38&genome=hg38&position=chr22%3A3000-6000" target=browser>chr22:3000-6000</a><td>fred_2<td>sad</tr>

<tr><td><a href="https://genome.ucsc.edu/cgi-bin/hgTracks?db=hg38&genome=hg38&position=chr22%3A4500-6900" target=browser>chr22:4500-6900</a><td>barny_2<td>happy</tr>

<tr class="great"><td><a href="https://genome.ucsc.edu/cgi-bin/hgTracks?db=hg38&genome=hg38&position=chr22%3A10500-11100" target=browser>chr22:10500-11100</a><td>wilma_2<td>great</tr>

</tbody>
</table>
<a href="dir1.html">prev</a>, <a href="dir1.html">1</a>, [2], <a href="dir3.html">3</a>, <a href="dir3.html">next</a>
</body></html>
