<!DOCTYPE html PUBLIC "-//W3C//DTD HTML 4.01 Transitional//EN">
<html><head>
<title>page 3: Flintstones hub</title>
<style type="text/css">

TABLE, TR, TH, TD {
    white-space: nowrap;
    border: solid;
    border-width: 1px;
    border-collapse: collapse;
}
.tableFixHead {
    overflow-y: auto;
}
.tableFixHead THEAD TH {
    position: sticky;
    top: 0;
    z-index: 1;
}
TH {
    background: #eee;
}

.great {background-color: aquamarine;}

</style>
</head>
<body>
<h3>page 3: Flintstones hub</h3>
<a href="dir2.html">prev</a>, next
<table border class="tableFixHead">
<thead>
<tr><th>position<th>name<th>status</tr>
</thead>
<tbody>
<tr><td><a href="https://genome.ucsc.edu/cgi-bin/hgTracks?db=hg38&genome=hg38&position=chr22%3A6000-9200" target=browser>chr22:6000-9200</a><td>barny_3<td>happy</tr>

<tr class="great"><td><a href="https://genome.ucsc.edu/cgi-bin/hgTracks?db=hg38&genome=hg38&position=chr22%3A14000-14800" target=browser>chr22:14000-14800</a><td>wilma_3<td>great</tr>

<tr><td><a href="https://genome.ucsc.edu/cgi-bin/hgTracks?db=hg38&genome=hg38&position=chr22%3A5000-10000" target=browser>chr22:5000-10000</a><td>fred_4<td>sad</tr>

<tr><td><a href="https://genome.ucsc.edu/cgi-bin/hgTracks?db=hg38&genome=hg38&position=chr22%3A7500-11500" target=browser>chr22:7500-11500</a><td>barny_4<td>happy</tr>

</tbody>
</table>
<a href="dir2.html">prev</a>, <a href="dir1.html">1</a>, <a href="dir2.html">2</a>, [3], next
</body></html>
