query:  NM_058167.2:9-2267/- sz: 2267 cds: 1299-2078
target: chr1:1179156-1199097/+ sz: 247249719 cds: None
	query:  9-1583 cds: 1299-1583
	target: 1179156-1180730
	query:  1583-1664 cds: 1583-1664
	target: 1181287-1181368
	query:  1664-1803 cds: 1664-1803
	target: 1182234-1182373
	query:  1803-1906 cds: 1803-1906
	target: 1182450-1182553
	query:  1906-1947 cds: 1906-1947
	target: 1188588-1188629
	query:  1947-2078 cds: 1947-2078
	target: 1193104-1193235
	query:  2078-2267
	target: 1198908-1199097
query:  NM_014638.2:0-4837/+ sz: 4837 cds: 274-4524
target: chr1:2397613-2426824/+ sz: 247249719 cds: None
	query:  0-398 cds: 274-398
	target: 2397613-2398011
	query:  398-545 cds: 398-545
	target: 2399774-2399921
	query:  545-789 cds: 545-789
	target: 2401032-2401276
	query:  789-919 cds: 789-919
	target: 2401481-2401611
	query:  919-1090 cds: 919-1090
	target: 2405746-2405917
	query:  1090-1184 cds: 1090-1184
	target: 2408205-2408299
	query:  1184-1388 cds: 1184-1388
	target: 2408471-2408675
	query:  1388-1509 cds: 1388-1509
	target: 2408896-2409017
	query:  1509-1681 cds: 1509-1681
	target: 2410505-2410677
	query:  1681-1789 cds: 1681-1789
	target: 2411058-2411166
	query:  1789-1933 cds: 1789-1933
	target: 2412490-2412634
	query:  1933-2026 cds: 1933-2026
	target: 2416154-2416247
	query:  2026-2109 cds: 2026-2109
	target: 2416786-2416869
	query:  2109-2207 cds: 2109-2207
	target: 2417905-2418003
	query:  2207-2390 cds: 2207-2390
	target: 2418126-2418309
	query:  2390-2498 cds: 2390-2498
	target: 2418800-2418908
	query:  2498-2623 cds: 2498-2623
	target: 2419821-2419946
	query:  2623-2708 cds: 2623-2708
	target: 2420042-2420127
	query:  2708-2855 cds: 2708-2855
	target: 2420382-2420529
	query:  2855-2935 cds: 2855-2935
	target: 2420939-2421019
	query:  2935-3233 cds: 2935-3233
	target: 2423410-2423708
	query:  3233-4837 cds: 3233-4524
	target: 2425220-2426824
query:  NM_004038.3:0-1861/+ sz: 1862 cds: 295-1830
target: chr1:104093962-104102833/+ sz: 247249719 cds: None
	query:  0-249
	target: 104093962-104094211
	query:  249-463 cds: 295-463
	target: 104094568-104094782
	query:  463-610 cds: 463-610
	target: 104095127-104095274
	query:  610-808 cds: 610-808
	target: 104096077-104096275
	query:  808-1039 cds: 808-1039
	target: 104096723-104096954
	query:  1039-1173 cds: 1039-1173
	target: 104097693-104097827
	query:  1173-1296 cds: 1173-1296
	target: 104098643-104098766
	query:  1296-1396 cds: 1296-1396
	target: 104098859-104098959
	query:  1396-1515 cds: 1396-1515
	target: 104100939-104101058
	query:  1515-1641 cds: 1515-1641
	target: 104101168-104101294
	query:  1641-1861 cds: 1641-1830
	target: 104102613-104102833
query:  NM_001109760.1:21-3650/- sz: 3655 cds: 955-3600
target: chr17:77117386-77129848/+ sz: 78774742 cds: None
	query:  21-1086 cds: 955-1086
	target: 77117386-77118451
	query:  1086-1173 cds: 1086-1173
	target: 77118809-77118896
	query:  1173-1290 cds: 1173-1290
	target: 77121482-77121599
	query:  1290-1427 cds: 1290-1427
	target: 77123224-77123361
	query:  1427-2197 cds: 1427-2197
	target: 77124387-77125157
	query:  2197-2354 cds: 2197-2354
	target: 77126673-77126830
	query:  2354-3310 cds: 2354-3310
	target: 77127715-77128671
	query:  3310-3435 cds: 3310-3435
	target: 77129395-77129520
	query:  3435-3650 cds: 3435-3600
	target: 77129633-77129848
query:  NM_182762.2:0-3188/- sz: 3188 cds: 321-2879
target: chr7:20146775-20223538/+ sz: 158821424 cds: None
	query:  0-257
	target: 20146775-20147032
	query:  259-533 cds: 321-533
	target: 20147032-20147306
	query:  533-722 cds: 533-722
	target: 20160340-20160529
	query:  722-2764 cds: 722-2764
	target: 20164351-20166393
	query:  2764-2887 cds: 2764-2879
	target: 20167895-20168018
	query:  2887-3031
	target: 20170403-20170547
	query:  3031-3096
	target: 20176861-20176926
	query:  3096-3188
	target: 20223446-20223538
query:  NM_020164.2:0-1252/- sz: 1254 cds: 536-1213
target: chr8:62739837-62764840/+ sz: 146274826 cds: None
	query:  0-80
	target: 62739837-62739917
	query:  80-183
	target: 62739918-62740021
	query:  185-283
	target: 62740024-62740122
	query:  294-891 cds: 536-891
	target: 62740122-62740719
	query:  891-933 cds: 891-933
	target: 62743346-62743388
	query:  933-1002 cds: 933-1002
	target: 62756080-62756149
	query:  1002-1047 cds: 1002-1047
	target: 62757551-62757596
	query:  1047-1197 cds: 1047-1197
	target: 62759151-62759301
	query:  1197-1252 cds: 1197-1213
	target: 62764785-62764840
query:  NM_013390.1:0-6147/- sz: 6147 cds: 1848-5999
target: chr9:73488102-73573228/+ sz: 140273252 cds: None
	query:  0-185
	target: 73488102-73488287
	query:  223-267
	target: 73488311-73488355
	query:  269-778
	target: 73488355-73488864
	query:  779-2044 cds: 1848-2044
	target: 73488864-73490129
	query:  2044-2148 cds: 2044-2148
	target: 73490478-73490582
	query:  2148-2303 cds: 2148-2303
	target: 73494827-73494982
	query:  2303-2402 cds: 2303-2402
	target: 73499244-73499343
	query:  2402-2622 cds: 2402-2622
	target: 73502720-73502940
	query:  2622-2805 cds: 2622-2805
	target: 73505377-73505560
	query:  2805-3014 cds: 2805-3014
	target: 73509330-73509539
	query:  3014-3230 cds: 3014-3230
	target: 73513994-73514210
	query:  3230-3408 cds: 3230-3408
	target: 73516818-73516996
	query:  3408-3564 cds: 3408-3564
	target: 73519669-73519825
	query:  3564-3600 cds: 3564-3600
	target: 73521252-73521288
	query:  3600-3732 cds: 3600-3732
	target: 73522683-73522815
	query:  3732-3821 cds: 3732-3821
	target: 73527162-73527251
	query:  3821-3950 cds: 3821-3950
	target: 73530316-73530445
	query:  3950-4020 cds: 3950-4020
	target: 73534580-73534650
	query:  4020-4226 cds: 4020-4226
	target: 73534783-73534989
	query:  4226-4436 cds: 4226-4436
	target: 73535440-73535650
	query:  4436-4606 cds: 4436-4606
	target: 73537086-73537256
	query:  4606-4795 cds: 4606-4795
	target: 73539541-73539730
	query:  4795-4965 cds: 4795-4965
	target: 73544798-73544968
	query:  4965-5527 cds: 4965-5527
	target: 73549753-73550315
	query:  5527-5668 cds: 5527-5668
	target: 73550936-73551077
	query:  5668-6011 cds: 5668-5999
	target: 73554778-73555121
	query:  6011-6147
	target: 73573092-73573228
query:  NM_021140.1:9-5408/+ sz: 5418 cds: 26-4231
target: chrX:44617724-44856787/+ sz: 154913754 cds: None
	query:  9-187 cds: 26-187
	target: 44617724-44617902
	query:  187-251 cds: 187-251
	target: 44618113-44618177
	query:  251-360 cds: 251-360
	target: 44705472-44705581
	query:  360-410 cds: 360-410
	target: 44718854-44718904
	query:  410-469 cds: 410-469
	target: 44755149-44755208
	query:  469-590 cds: 469-590
	target: 44764798-44764919
	query:  590-645 cds: 590-645
	target: 44779119-44779174
	query:  645-680 cds: 645-680
	target: 44781843-44781878
	query:  680-774 cds: 680-774
	target: 44795897-44795991
	query:  774-901 cds: 774-901
	target: 44798017-44798144
	query:  901-1000 cds: 901-1000
	target: 44803194-44803293
	query:  1000-1220 cds: 1000-1220
	target: 44803435-44803655
	query:  1220-1355 cds: 1220-1355
	target: 44804210-44804345
	query:  1355-1451 cds: 1355-1451
	target: 44805512-44805608
	query:  1451-1553 cds: 1451-1553
	target: 44806835-44806937
	query:  1553-1949 cds: 1553-1949
	target: 44807610-44808006
	query:  1949-2728 cds: 1949-2728
	target: 44813767-44814546
	query:  2728-2858 cds: 2728-2858
	target: 44820885-44821015
	query:  2858-2964 cds: 2858-2964
	target: 44822588-44822694
	query:  2964-3170 cds: 2964-3170
	target: 44823334-44823540
	query:  3170-3235 cds: 3170-3235
	target: 44826764-44826829
	query:  3235-3310 cds: 3235-3310
	target: 44826903-44826978
	query:  3310-3459 cds: 3310-3459
	target: 44827648-44827797
	query:  3459-3574 cds: 3459-3574
	target: 44830053-44830168
	query:  3574-3762 cds: 3574-3762
	target: 44833931-44834119
	query:  3762-3904 cds: 3762-3904
	target: 44834911-44835053
	query:  3904-4031 cds: 3904-4031
	target: 44851598-44851725
	query:  4031-4202 cds: 4031-4202
	target: 44854267-44854438
	query:  4202-4883 cds: 4202-4231
	target: 44855570-44856251
	query:  4885-5075
	target: 44856255-44856445
	query:  5075-5087
	target: 44856446-44856458
	query:  5087-5121
	target: 44856459-44856493
	query:  5121-5126
	target: 44856494-44856499
	query:  5126-5139
	target: 44856500-44856513
	query:  5139-5147
	target: 44856514-44856522
	query:  5147-5235
	target: 44856523-44856611
	query:  5237-5408
	target: 44856616-44856787
