query:  NM_058167.2:9-2267/- sz: 2267 cds: 1299-2078
target: chr1:1179156-1199097/+ sz: 247249719 cds: None
	> query:  9-1583  CDS: 1299-1583
	  target: 1179156-1180730
	> query:  None
	  target: 1180730-1181287
	> query:  1583-1664  CDS: 1583-1664
	  target: 1181287-1181368
	> query:  None
	  target: 1181368-1182234
	> query:  1664-1803  CDS: 1664-1803
	  target: 1182234-1182373
	> query:  None
	  target: 1182373-1182450
	> query:  1803-1906  CDS: 1803-1906
	  target: 1182450-1182553
	> query:  None
	  target: 1182553-1188588
	> query:  1906-1947  CDS: 1906-1947
	  target: 1188588-1188629
	> query:  None
	  target: 1188629-1193104
	> query:  1947-2078  CDS: 1947-2078
	  target: 1193104-1193235
	> query:  None
	  target: 1193235-1198908
	> query:  2078-2267
	  target: 1198908-1199097
query:  NM_014638.2:0-4837/+ sz: 4837 cds: 274-4524
target: chr1:2397613-2426824/+ sz: 247249719 cds: None
	> query:  0-398  CDS: 274-398
	  target: 2397613-2398011
	> query:  None
	  target: 2398011-2399774
	> query:  398-545  CDS: 398-545
	  target: 2399774-2399921
	> query:  None
	  target: 2399921-2401032
	> query:  545-789  CDS: 545-789
	  target: 2401032-2401276
	> query:  None
	  target: 2401276-2401481
	> query:  789-919  CDS: 789-919
	  target: 2401481-2401611
	> query:  None
	  target: 2401611-2405746
	> query:  919-1090  CDS: 919-1090
	  target: 2405746-2405917
	> query:  None
	  target: 2405917-2408205
	> query:  1090-1184  CDS: 1090-1184
	  target: 2408205-2408299
	> query:  None
	  target: 2408299-2408471
	> query:  1184-1388  CDS: 1184-1388
	  target: 2408471-2408675
	> query:  None
	  target: 2408675-2408896
	> query:  1388-1509  CDS: 1388-1509
	  target: 2408896-2409017
	> query:  None
	  target: 2409017-2410505
	> query:  1509-1681  CDS: 1509-1681
	  target: 2410505-2410677
	> query:  None
	  target: 2410677-2411058
	> query:  1681-1789  CDS: 1681-1789
	  target: 2411058-2411166
	> query:  None
	  target: 2411166-2412490
	> query:  1789-1933  CDS: 1789-1933
	  target: 2412490-2412634
	> query:  None
	  target: 2412634-2416154
	> query:  1933-2026  CDS: 1933-2026
	  target: 2416154-2416247
	> query:  None
	  target: 2416247-2416786
	> query:  2026-2109  CDS: 2026-2109
	  target: 2416786-2416869
	> query:  None
	  target: 2416869-2417905
	> query:  2109-2207  CDS: 2109-2207
	  target: 2417905-2418003
	> query:  None
	  target: 2418003-2418126
	> query:  2207-2390  CDS: 2207-2390
	  target: 2418126-2418309
	> query:  None
	  target: 2418309-2418800
	> query:  2390-2498  CDS: 2390-2498
	  target: 2418800-2418908
	> query:  None
	  target: 2418908-2419821
	> query:  2498-2623  CDS: 2498-2623
	  target: 2419821-2419946
	> query:  None
	  target: 2419946-2420042
	> query:  2623-2708  CDS: 2623-2708
	  target: 2420042-2420127
	> query:  None
	  target: 2420127-2420382
	> query:  2708-2855  CDS: 2708-2855
	  target: 2420382-2420529
	> query:  None
	  target: 2420529-2420939
	> query:  2855-2935  CDS: 2855-2935
	  target: 2420939-2421019
	> query:  None
	  target: 2421019-2423410
	> query:  2935-3233  CDS: 2935-3233
	  target: 2423410-2423708
	> query:  None
	  target: 2423708-2425220
	> query:  3233-4837  CDS: 3233-4524
	  target: 2425220-2426824
query:  NM_004038.3:0-1861/+ sz: 1862 cds: 295-1830
target: chr1:104093962-104102833/+ sz: 247249719 cds: None
	> query:  0-249
	  target: 104093962-104094211
	> query:  None
	  target: 104094211-104094568
	> query:  249-463  CDS: 295-463
	  target: 104094568-104094782
	> query:  None
	  target: 104094782-104095127
	> query:  463-610  CDS: 463-610
	  target: 104095127-104095274
	> query:  None
	  target: 104095274-104096077
	> query:  610-808  CDS: 610-808
	  target: 104096077-104096275
	> query:  None
	  target: 104096275-104096723
	> query:  808-1039  CDS: 808-1039
	  target: 104096723-104096954
	> query:  None
	  target: 104096954-104097693
	> query:  1039-1173  CDS: 1039-1173
	  target: 104097693-104097827
	> query:  None
	  target: 104097827-104098643
	> query:  1173-1296  CDS: 1173-1296
	  target: 104098643-104098766
	> query:  None
	  target: 104098766-104098859
	> query:  1296-1396  CDS: 1296-1396
	  target: 104098859-104098959
	> query:  None
	  target: 104098959-104100939
	> query:  1396-1515  CDS: 1396-1515
	  target: 104100939-104101058
	> query:  None
	  target: 104101058-104101168
	> query:  1515-1641  CDS: 1515-1641
	  target: 104101168-104101294
	> query:  None
	  target: 104101294-104102613
	> query:  1641-1861  CDS: 1641-1830
	  target: 104102613-104102833
query:  NM_001109760.1:21-3650/- sz: 3655 cds: 955-3600
target: chr17:77117386-77129848/+ sz: 78774742 cds: None
	> query:  21-1086  CDS: 955-1086
	  target: 77117386-77118451
	> query:  None
	  target: 77118451-77118809
	> query:  1086-1173  CDS: 1086-1173
	  target: 77118809-77118896
	> query:  None
	  target: 77118896-77121482
	> query:  1173-1290  CDS: 1173-1290
	  target: 77121482-77121599
	> query:  None
	  target: 77121599-77123224
	> query:  1290-1427  CDS: 1290-1427
	  target: 77123224-77123361
	> query:  None
	  target: 77123361-77124387
	> query:  1427-2197  CDS: 1427-2197
	  target: 77124387-77125157
	> query:  None
	  target: 77125157-77126673
	> query:  2197-2354  CDS: 2197-2354
	  target: 77126673-77126830
	> query:  None
	  target: 77126830-77127715
	> query:  2354-3310  CDS: 2354-3310
	  target: 77127715-77128671
	> query:  None
	  target: 77128671-77129395
	> query:  3310-3435  CDS: 3310-3435
	  target: 77129395-77129520
	> query:  None
	  target: 77129520-77129633
	> query:  3435-3650  CDS: 3435-3600
	  target: 77129633-77129848
query:  NM_182762.2:0-3188/- sz: 3188 cds: 321-2879
target: chr7:20146775-20223538/+ sz: 158821424 cds: None
	> query:  0-257
	  target: 20146775-20147032
	> query:  257-259
	  target: None
	> query:  259-533  CDS: 321-533
	  target: 20147032-20147306
	> query:  None
	  target: 20147306-20160340
	> query:  533-722  CDS: 533-722
	  target: 20160340-20160529
	> query:  None
	  target: 20160529-20164351
	> query:  722-2764  CDS: 722-2764
	  target: 20164351-20166393
	> query:  None
	  target: 20166393-20167895
	> query:  2764-2887  CDS: 2764-2879
	  target: 20167895-20168018
	> query:  None
	  target: 20168018-20170403
	> query:  2887-3031
	  target: 20170403-20170547
	> query:  None
	  target: 20170547-20176861
	> query:  3031-3096
	  target: 20176861-20176926
	> query:  None
	  target: 20176926-20223446
	> query:  3096-3188
	  target: 20223446-20223538
query:  NM_020164.2:0-1252/- sz: 1254 cds: 536-1213
target: chr8:62739837-62764840/+ sz: 146274826 cds: None
	> query:  0-80
	  target: 62739837-62739917
	> query:  None
	  target: 62739917-62739918
	> query:  80-183
	  target: 62739918-62740021
	> query:  183-185
	  target: None
	> query:  None
	  target: 62740021-62740024
	> query:  185-283
	  target: 62740024-62740122
	> query:  283-294
	  target: None
	> query:  294-891  CDS: 536-891
	  target: 62740122-62740719
	> query:  None
	  target: 62740719-62743346
	> query:  891-933  CDS: 891-933
	  target: 62743346-62743388
	> query:  None
	  target: 62743388-62756080
	> query:  933-1002  CDS: 933-1002
	  target: 62756080-62756149
	> query:  None
	  target: 62756149-62757551
	> query:  1002-1047  CDS: 1002-1047
	  target: 62757551-62757596
	> query:  None
	  target: 62757596-62759151
	> query:  1047-1197  CDS: 1047-1197
	  target: 62759151-62759301
	> query:  None
	  target: 62759301-62764785
	> query:  1197-1252  CDS: 1197-1213
	  target: 62764785-62764840
query:  NM_013390.1:0-6147/- sz: 6147 cds: 1848-5999
target: chr9:73488102-73573228/+ sz: 140273252 cds: None
	> query:  0-185
	  target: 73488102-73488287
	> query:  185-223
	  target: None
	> query:  None
	  target: 73488287-73488311
	> query:  223-267
	  target: 73488311-73488355
	> query:  267-269
	  target: None
	> query:  269-778
	  target: 73488355-73488864
	> query:  778-779
	  target: None
	> query:  779-2044  CDS: 1848-2044
	  target: 73488864-73490129
	> query:  None
	  target: 73490129-73490478
	> query:  2044-2148  CDS: 2044-2148
	  target: 73490478-73490582
	> query:  None
	  target: 73490582-73494827
	> query:  2148-2303  CDS: 2148-2303
	  target: 73494827-73494982
	> query:  None
	  target: 73494982-73499244
	> query:  2303-2402  CDS: 2303-2402
	  target: 73499244-73499343
	> query:  None
	  target: 73499343-73502720
	> query:  2402-2622  CDS: 2402-2622
	  target: 73502720-73502940
	> query:  None
	  target: 73502940-73505377
	> query:  2622-2805  CDS: 2622-2805
	  target: 73505377-73505560
	> query:  None
	  target: 73505560-73509330
	> query:  2805-3014  CDS: 2805-3014
	  target: 73509330-73509539
	> query:  None
	  target: 73509539-73513994
	> query:  3014-3230  CDS: 3014-3230
	  target: 73513994-73514210
	> query:  None
	  target: 73514210-73516818
	> query:  3230-3408  CDS: 3230-3408
	  target: 73516818-73516996
	> query:  None
	  target: 73516996-73519669
	> query:  3408-3564  CDS: 3408-3564
	  target: 73519669-73519825
	> query:  None
	  target: 73519825-73521252
	> query:  3564-3600  CDS: 3564-3600
	  target: 73521252-73521288
	> query:  None
	  target: 73521288-73522683
	> query:  3600-3732  CDS: 3600-3732
	  target: 73522683-73522815
	> query:  None
	  target: 73522815-73527162
	> query:  3732-3821  CDS: 3732-3821
	  target: 73527162-73527251
	> query:  None
	  target: 73527251-73530316
	> query:  3821-3950  CDS: 3821-3950
	  target: 73530316-73530445
	> query:  None
	  target: 73530445-73534580
	> query:  3950-4020  CDS: 3950-4020
	  target: 73534580-73534650
	> query:  None
	  target: 73534650-73534783
	> query:  4020-4226  CDS: 4020-4226
	  target: 73534783-73534989
	> query:  None
	  target: 73534989-73535440
	> query:  4226-4436  CDS: 4226-4436
	  target: 73535440-73535650
	> query:  None
	  target: 73535650-73537086
	> query:  4436-4606  CDS: 4436-4606
	  target: 73537086-73537256
	> query:  None
	  target: 73537256-73539541
	> query:  4606-4795  CDS: 4606-4795
	  target: 73539541-73539730
	> query:  None
	  target: 73539730-73544798
	> query:  4795-4965  CDS: 4795-4965
	  target: 73544798-73544968
	> query:  None
	  target: 73544968-73549753
	> query:  4965-5527  CDS: 4965-5527
	  target: 73549753-73550315
	> query:  None
	  target: 73550315-73550936
	> query:  5527-5668  CDS: 5527-5668
	  target: 73550936-73551077
	> query:  None
	  target: 73551077-73554778
	> query:  5668-6011  CDS: 5668-5999
	  target: 73554778-73555121
	> query:  None
	  target: 73555121-73573092
	> query:  6011-6147
	  target: 73573092-73573228
query:  NM_021140.1:9-5408/+ sz: 5418 cds: 26-4231
target: chrX:44617724-44856787/+ sz: 154913754 cds: None
	> query:  9-187  CDS: 26-187
	  target: 44617724-44617902
	> query:  None
	  target: 44617902-44618113
	> query:  187-251  CDS: 187-251
	  target: 44618113-44618177
	> query:  None
	  target: 44618177-44705472
	> query:  251-360  CDS: 251-360
	  target: 44705472-44705581
	> query:  None
	  target: 44705581-44718854
	> query:  360-410  CDS: 360-410
	  target: 44718854-44718904
	> query:  None
	  target: 44718904-44755149
	> query:  410-469  CDS: 410-469
	  target: 44755149-44755208
	> query:  None
	  target: 44755208-44764798
	> query:  469-590  CDS: 469-590
	  target: 44764798-44764919
	> query:  None
	  target: 44764919-44779119
	> query:  590-645  CDS: 590-645
	  target: 44779119-44779174
	> query:  None
	  target: 44779174-44781843
	> query:  645-680  CDS: 645-680
	  target: 44781843-44781878
	> query:  None
	  target: 44781878-44795897
	> query:  680-774  CDS: 680-774
	  target: 44795897-44795991
	> query:  None
	  target: 44795991-44798017
	> query:  774-901  CDS: 774-901
	  target: 44798017-44798144
	> query:  None
	  target: 44798144-44803194
	> query:  901-1000  CDS: 901-1000
	  target: 44803194-44803293
	> query:  None
	  target: 44803293-44803435
	> query:  1000-1220  CDS: 1000-1220
	  target: 44803435-44803655
	> query:  None
	  target: 44803655-44804210
	> query:  1220-1355  CDS: 1220-1355
	  target: 44804210-44804345
	> query:  None
	  target: 44804345-44805512
	> query:  1355-1451  CDS: 1355-1451
	  target: 44805512-44805608
	> query:  None
	  target: 44805608-44806835
	> query:  1451-1553  CDS: 1451-1553
	  target: 44806835-44806937
	> query:  None
	  target: 44806937-44807610
	> query:  1553-1949  CDS: 1553-1949
	  target: 44807610-44808006
	> query:  None
	  target: 44808006-44813767
	> query:  1949-2728  CDS: 1949-2728
	  target: 44813767-44814546
	> query:  None
	  target: 44814546-44820885
	> query:  2728-2858  CDS: 2728-2858
	  target: 44820885-44821015
	> query:  None
	  target: 44821015-44822588
	> query:  2858-2964  CDS: 2858-2964
	  target: 44822588-44822694
	> query:  None
	  target: 44822694-44823334
	> query:  2964-3170  CDS: 2964-3170
	  target: 44823334-44823540
	> query:  None
	  target: 44823540-44826764
	> query:  3170-3235  CDS: 3170-3235
	  target: 44826764-44826829
	> query:  None
	  target: 44826829-44826903
	> query:  3235-3310  CDS: 3235-3310
	  target: 44826903-44826978
	> query:  None
	  target: 44826978-44827648
	> query:  3310-3459  CDS: 3310-3459
	  target: 44827648-44827797
	> query:  None
	  target: 44827797-44830053
	> query:  3459-3574  CDS: 3459-3574
	  target: 44830053-44830168
	> query:  None
	  target: 44830168-44833931
	> query:  3574-3762  CDS: 3574-3762
	  target: 44833931-44834119
	> query:  None
	  target: 44834119-44834911
	> query:  3762-3904  CDS: 3762-3904
	  target: 44834911-44835053
	> query:  None
	  target: 44835053-44851598
	> query:  3904-4031  CDS: 3904-4031
	  target: 44851598-44851725
	> query:  None
	  target: 44851725-44854267
	> query:  4031-4202  CDS: 4031-4202
	  target: 44854267-44854438
	> query:  None
	  target: 44854438-44855570
	> query:  4202-4883  CDS: 4202-4231
	  target: 44855570-44856251
	> query:  4883-4885
	  target: None
	> query:  None
	  target: 44856251-44856255
	> query:  4885-5075
	  target: 44856255-44856445
	> query:  None
	  target: 44856445-44856446
	> query:  5075-5087
	  target: 44856446-44856458
	> query:  None
	  target: 44856458-44856459
	> query:  5087-5121
	  target: 44856459-44856493
	> query:  None
	  target: 44856493-44856494
	> query:  5121-5126
	  target: 44856494-44856499
	> query:  None
	  target: 44856499-44856500
	> query:  5126-5139
	  target: 44856500-44856513
	> query:  None
	  target: 44856513-44856514
	> query:  5139-5147
	  target: 44856514-44856522
	> query:  None
	  target: 44856522-44856523
	> query:  5147-5235
	  target: 44856523-44856611
	> query:  5235-5237
	  target: None
	> query:  None
	  target: 44856611-44856616
	> query:  5237-5408
	  target: 44856616-44856787
