{
    "py/object": "__main__.ObjDictDerived",
    "one": "value 1",
    "two": "value 2",
    "three": "value 3"
}
