{
    "py/object": "pycbio.sys.objDict.ObjDict",
    "one": "value 1",
    "two": "value 2",
    "three": "value 3"
}
