{
    "py/object": "libtests.pycbio.sys.test_objDict.ObjDictDerived",
    "one": "value 1",
    "two": "value 2",
    "three": "value 3"
}
